// Jest Snapshot v1, https://goo.gl/fbAQLP

exports[`FeaturedIdeasEdit component should render correctly 1`] = `
"<FeaturedIdeasEdit history={{...}} match={{...}}>
  <div className=\\"page\\">
    <div className=\\"title-background-parent\\">
      <div className=\\"title-background-shape\\" />
    </div>
    <Banner pageTitle=\\"featured idea\\" elementAction=\\"update\\" buttonFunction={[Function]} buttonDisabled={false}>
      <Container tag=\\"div\\">
        <div className=\\"container\\">
          <Row tag=\\"div\\">
            <div className=\\"row\\">
              <Col sm={{...}} md={{...}} tag=\\"div\\" widths={{...}}>
                <div className=\\"col-sm-7 col-md-8\\">
                  <div className=\\"page-title\\">
                    <h1 className=\\"left\\">
                      Featured idea
                    </h1>
                    <p>
                      Manage your
                       
                      featured idea
                    </p>
                  </div>
                </div>
              </Col>
              <Col sm={{...}} md={{...}} tag=\\"div\\" widths={{...}}>
                <div className=\\"col-sm-5 col-md-4\\">
                  <div className=\\"page-title\\" />
                </div>
              </Col>
            </div>
          </Row>
        </div>
      </Container>
    </Banner>
    <ConfirmationModal buttonFunction={[Function]} toggle={[Function]} isOpen={false}>
      <Modal isOpen={false} toggle={[Function]} autoFocus={true} centered={false} role=\\"dialog\\" backdrop={true} keyboard={true} zIndex={1050} fade={true} onOpened={[Function: noop]} onClosed={[Function: noop]} modalTransition={{...}} backdropTransition={{...}} />
    </ConfirmationModal>
    <Container tag=\\"div\\">
      <div className=\\"container\\">
        <div className=\\"white-page-bg\\">
          <Row tag=\\"div\\">
            <div className=\\"row\\">
              <Col lg={{...}} tag=\\"div\\" widths={{...}}>
                <div className=\\"col-lg-8 offset-lg-2\\">
                  <div>
                    <AvForm onValidSubmit={[Function]} tag={[Function: Form]} model={{...}} validationEvent={{...}} method=\\"get\\" onSubmit={[Function: onSubmit]} onKeyDown={[Function: onKeyDown]} onInvalidSubmit={[Function: onInvalidSubmit]}>
                      <Form noValidate={true} action=\\"#\\" method=\\"get\\" onSubmit={[Function]} onKeyDown={[Function: onKeyDown]} className=\\"av-valid\\" tag=\\"form\\">
                        <form noValidate={true} action=\\"#\\" method=\\"get\\" onSubmit={[Function]} onKeyDown={[Function: onKeyDown]} className=\\"av-valid\\">
                          <Row tag=\\"div\\">
                            <div className=\\"row\\">
                              <Col tag=\\"div\\" widths={{...}}>
                                <div className=\\"col\\">
                                  <AvField type=\\"select\\" name=\\"settlement_id\\" label=\\"Location\\" required={true} value=\\"1\\">
                                    <AvGroup check={false} disabled={[undefined]} row={false}>
                                      <FormGroup className=\\"\\" check={false} disabled={[undefined]} row={false} tag=\\"div\\">
                                        <div className=\\"position-relative form-group\\">
                                          <Label for=\\"settlement_id\\" className={[undefined]} hidden={[undefined]} size={[undefined]} tag=\\"label\\" widths={{...}}>
                                            <label htmlFor=\\"settlement_id\\" className=\\"\\">
                                              Location
                                            </label>
                                          </Label>
                                          <AvInput id=\\"settlement_id\\" className={[undefined]} size={[undefined]} disabled={[undefined]} readOnly={[undefined]} type=\\"select\\" name=\\"settlement_id\\" required={true} value=\\"1\\" validationEvent=\\"\\" validate={{...}} trueValue={true} falseValue={false} tag={[Function: Input]}>
                                            <Input size={[undefined]} disabled={[undefined]} readOnly={[undefined]} type=\\"select\\" name=\\"settlement_id\\" required={true} value=\\"1\\" onKeyUp={[Function: bound onKeyUpHandler]} onBlur={[Function: bound onBlurHandler]} onInput={[Function: bound onInputHandler]} onFocus={[Function: bound onFocusHandler]} onChange={[Function: bound onChangeHandler]} className=\\"is-untouched is-pristine av-valid\\" id=\\"settlement_id\\">
                                              <select size={[undefined]} disabled={[undefined]} readOnly={[undefined]} name=\\"settlement_id\\" required={true} value=\\"1\\" onKeyUp={[Function: bound onKeyUpHandler]} onBlur={[Function: bound onBlurHandler]} onInput={[Function: bound onInputHandler]} onFocus={[Function: bound onFocusHandler]} onChange={[Function: bound onChangeHandler]} id=\\"settlement_id\\" className=\\"is-untouched is-pristine av-valid form-control\\">
                                                <option value=\\"\\">
                                                  Please select
                                                </option>
                                                <option value=\\"1\\">
                                                  Test Location
                                                </option>
                                                <option value=\\"1000000000\\">
                                                  Test Billion Id Location
                                                </option>
                                              </select>
                                            </Input>
                                          </AvInput>
                                        </div>
                                      </FormGroup>
                                    </AvGroup>
                                  </AvField>
                                  <AvField type=\\"textarea\\" name=\\"idea\\" label=\\"Idea\\" rows=\\"5\\" required={true} value=\\"Test Featured Idea\\">
                                    <AvGroup check={false} disabled={[undefined]} row={false}>
                                      <FormGroup className=\\"\\" check={false} disabled={[undefined]} row={false} tag=\\"div\\">
                                        <div className=\\"position-relative form-group\\">
                                          <Label for=\\"idea\\" className={[undefined]} hidden={[undefined]} size={[undefined]} tag=\\"label\\" widths={{...}}>
                                            <label htmlFor=\\"idea\\" className=\\"\\">
                                              Idea
                                            </label>
                                          </Label>
                                          <AvInput id=\\"idea\\" className={[undefined]} size={[undefined]} disabled={[undefined]} readOnly={[undefined]} type=\\"textarea\\" name=\\"idea\\" rows=\\"5\\" required={true} value=\\"Test Featured Idea\\" validationEvent=\\"\\" validate={{...}} trueValue={true} falseValue={false} tag={[Function: Input]}>
                                            <Input size={[undefined]} disabled={[undefined]} readOnly={[undefined]} type=\\"textarea\\" name=\\"idea\\" rows=\\"5\\" required={true} value=\\"Test Featured Idea\\" onKeyUp={[Function: bound onKeyUpHandler]} onBlur={[Function: bound onBlurHandler]} onInput={[Function: bound onInputHandler]} onFocus={[Function: bound onFocusHandler]} onChange={[Function: bound onChangeHandler]} className=\\"is-untouched is-pristine av-valid\\" id=\\"idea\\">
                                              <textarea size={[undefined]} disabled={[undefined]} readOnly={[undefined]} name=\\"idea\\" rows=\\"5\\" required={true} value=\\"Test Featured Idea\\" onKeyUp={[Function: bound onKeyUpHandler]} onBlur={[Function: bound onBlurHandler]} onInput={[Function: bound onInputHandler]} onFocus={[Function: bound onFocusHandler]} onChange={[Function: bound onChangeHandler]} id=\\"idea\\" className=\\"is-untouched is-pristine av-valid form-control\\" />
                                            </Input>
                                          </AvInput>
                                        </div>
                                      </FormGroup>
                                    </AvGroup>
                                  </AvField>
                                </div>
                              </Col>
                            </div>
                          </Row>
                          <BtnRow buttonLabel=\\"Update\\" cancelForm={[Function]}>
                            <Row className=\\"btn-row\\" tag=\\"div\\">
                              <div className=\\"btn-row row\\">
                                <Col tag=\\"div\\" widths={{...}}>
                                  <div className=\\"col\\" />
                                </Col>
                                <Col tag=\\"div\\" widths={{...}}>
                                  <div className=\\"col\\">
                                    <Button color=\\"primary\\" className=\\"primary cancel\\" onClick={[Function]} tag=\\"button\\">
                                      <button type=\\"button\\" onClick={[Function: bound onClick]} className=\\"primary cancel btn btn-primary\\" aria-label={{...}}>
                                        Back
                                      </button>
                                    </Button>
                                  </div>
                                </Col>
                              </div>
                            </Row>
                          </BtnRow>
                        </form>
                      </Form>
                    </AvForm>
                  </div>
                </div>
              </Col>
            </div>
          </Row>
        </div>
      </div>
    </Container>
  </div>
</FeaturedIdeasEdit>"
`;
