// Jest Snapshot v1, https://goo.gl/fbAQLP

exports[`Login component renders correctly 1`] = `
"<Login>
  <div className=\\"login-page\\">
    <Container tag=\\"div\\">
      <div className=\\"container\\">
        <Row className=\\"login-row\\" tag=\\"div\\">
          <div className=\\"login-row row\\">
            <Col sm={{...}} lg={{...}} tag=\\"div\\" widths={{...}}>
              <div className=\\"col-sm-6 offset-sm-3 col-lg-4 offset-lg-4\\">
                <div className=\\"login-form\\">
                  <h3>
                    Partner Login
                  </h3>
                  <form onSubmit={[Function: bound handleFormSubmit]}>
                    <input placeholder=\\"Username\\" name=\\"username\\" type=\\"text\\" onChange={[Function: bound handleChange]} />
                    <input placeholder=\\"Password\\" name=\\"password\\" type=\\"password\\" onChange={[Function: bound handleChange]} />
                    <button className=\\"primary\\" type=\\"submit\\">
                      Submit
                    </button>
                  </form>
                </div>
              </div>
            </Col>
          </div>
        </Row>
      </div>
    </Container>
  </div>
</Login>"
`;
